#
# There is insufficient memory for the Java Runtime Environment to continue.
# Native memory allocation (mmap) failed to map 264241152 bytes. Error detail: G1 virtual space
# Possible reasons:
#   The system is out of physical RAM or swap space
#   This process is running with CompressedOops enabled, and the Java Heap may be blocking the growth of the native heap
# Possible solutions:
#   Reduce memory load on the system
#   Increase physical memory or swap space
#   Check if swap backing store is full
#   Decrease Java heap size (-Xmx/-Xms)
#   Decrease number of Java threads
#   Decrease Java thread stack sizes (-Xss)
#   Set larger code cache with -XX:ReservedCodeCacheSize=
#   JVM is running with Zero Based Compressed Oops mode in which the Java heap is
#     placed in the first 32GB address space. The Java Heap base address is the
#     maximum limit for the native heap growth. Please use -XX:HeapBaseMinAddress
#     to set the Java Heap base and to place the Java Heap above 32GB virtual address.
# This output file may be truncated or incomplete.
#
#  Out of Memory Error (os_windows.cpp:3554), pid=34196, tid=25956
#
# JRE version:  (25.0.2+10) (build )
# Java VM: OpenJDK 64-Bit Server VM (25.0.2+10-69, mixed mode, sharing, tiered, compressed oops, compressed class ptrs, g1 gc, windows-amd64)
# No core dump will be written. Minidumps are not enabled by default on client versions of Windows
#

---------------  S U M M A R Y ------------

Command Line: -javaagent:C:\Program Files\JetBrains\IntelliJ IDEA 2025.3.3\lib\idea_rt.jar=14507 -Dfile.encoding=UTF-8 -Dsun.stdout.encoding=UTF-8 -Dsun.stderr.encoding=UTF-8 C04EX04

Host: 12th Gen Intel(R) Core(TM) i9-12900H, 20 cores, 15G,  Windows 11 , 64 bit Build 28000 (10.0.28000.1685)
Time: Tue Mar 10 18:41:55 2026 E. South America Standard Time elapsed time: 0.012491 seconds (0d 0h 0m 0s)

---------------  T H R E A D  ---------------

Current thread (0x0000008000447da0):  JavaThread "Unknown thread" [_thread_in_vm, id=25956, stack(0x00000080009b0000,0x0000008000ab0000) (1024K)]

Stack: [0x00000080009b0000,0x0000008000ab0000]
Native frames: (J=compiled Java code, j=interpreted, Vv=VM code, C=native code)
V  [jvm.dll+0x7a70f9]  (no source info available)
V  [jvm.dll+0x772d6d]  (no source info available)
V  [jvm.dll+0x965d53]  (no source info available)
V  [jvm.dll+0x968351]  (no source info available)
V  [jvm.dll+0x968a63]  (no source info available)
V  [jvm.dll+0x2fc846]  (no source info available)
V  [jvm.dll+0x7a3325]  (no source info available)
V  [jvm.dll+0x796737]  (no source info available)
V  [jvm.dll+0x3f4988]  (no source info available)
V  [jvm.dll+0x3fc8d6]  (no source info available)
V  [jvm.dll+0x3e8f7e]  (no source info available)
V  [jvm.dll+0x3e9238]  (no source info available)
V  [jvm.dll+0x3c0145]  (no source info available)
V  [jvm.dll+0x3c0dce]  (no source info available)
V  [jvm.dll+0x92cdf7]  (no source info available)
V  [jvm.dll+0x458f02]  (no source info available)
V  [jvm.dll+0x9107a2]  (no source info available)
V  [jvm.dll+0x4f9331]  (no source info available)
V  [jvm.dll+0x4fabc1]  (no source info available)
C  [jli.dll+0x543e]  (no source info available)
C  [ucrtbase.dll+0x27930]  (no source info available)
C  [KERNEL32.DLL+0x35c17]  (no source info available)
C  [ntdll.dll+0x86940]  (no source info available)

Lock stack of current Java thread (top to bottom):


---------------  P R O C E S S  ---------------

Threads class SMR info:
_java_thread_list=0x00007ffb29955388, length=0, elements={
}

Java Threads: ( => current thread )
Total: 0

Other Threads:
  0x0000008000bb5da0 WorkerThread "GC Thread#0"                     [id=46800, stack(0x0000008014da0000,0x0000008014ea0000) (1024K)]
  0x0000008000bce810 ConcurrentGCThread "G1 Main Marker"            [id=15544, stack(0x0000008014ea0000,0x0000008014fa0000) (1024K)]
  0x0000008000bd2370 WorkerThread "G1 Conc#0"                       [id=38168, stack(0x0000008014fa0000,0x00000080150a0000) (1024K)]

[error occurred during error reporting (printing all threads), id 0xc0000005, EXCEPTION_ACCESS_VIOLATION (0xc0000005) at pc=0x00007ffb29034f1a]
VM state: not at safepoint (not fully initialized)

VM Mutex/Monitor currently owned by a thread:  ([mutex/lock_event])
[0x00007ffb299d9768] Heap_lock - owner thread: 0x0000008000447da0

Heap address: 0x0000000704400000, size: 4028 MB, Compressed Oops mode: Zero based, Oop shift amount: 3

CDS archive(s) mapped at: [0x0000000000000000-0x0000000000000000-0x0000000000000000), size 0, SharedBaseAddress: 0x0000000800000000, ArchiveRelocationMode: 1.
UseCompressedClassPointers 1, UseCompactObjectHeaders 0
Narrow klass pointer bits 32, Max shift 3
Narrow klass base: 0xffffffffffffffff, Narrow klass shift: -1
Encoding Range: [0xffffffffffffffff - 0x000000007fffffff), (2147483648 bytes)
Klass Range:    [0x0000000000000000 - 0x0000000000000000), (0 bytes)
Klass ID Range:  [4294967295 - 0) (1)
No protection zone.

GC Precious Log:
 CardTable entry size: 512
 Card Set container configuration: InlinePtr #cards 4 size 8 Array Of Cards #cards 16 size 48 Howl #buckets 8 coarsen threshold 3686 Howl Bitmap #cards 512 size 80 coarsen threshold 460 Card regions per heap region 1 cards per card region 4096

Heap:
 garbage-first heap   total reserved 4124672K, committed 0K, used 0K [0x0000000704400000, 0x0000000800000000)
  region size 2048K, 0 young (0K), 0 survivors (0K)

Heap Regions: E=young(eden), S=young(survivor), O=old, HS=humongous(starts), HC=humongous(continues), CS=collection set, F=free, TAMS=top-at-mark-start, PB=parsable bottom

Card table byte_map: [0x00000080105d0000,0x0000008010db0000] _byte_map_base: 0x000000800cdae000

Marking Bits: (CMBitMap*) 0x0000008000bb6530
 Bits: [0x0000008010db0000, 0x0000008014ca0000)

GC Heap Usage History (0 events):
No events

Metaspace Usage History (0 events):
No events

Dll operation events (1 events):
Event: 0.007 Loaded shared library C:\Users\angel\.jdks\openjdk-25.0.2\bin\java.dll

Deoptimization events (0 events):
No events

Classes loaded (0 events):
No events

Classes unloaded (0 events):
No events

Classes redefined (0 events):
No events

Internal exceptions (0 events):
No events

VM Operations (0 events):
No events

Memory protections (0 events):
No events

Nmethod flushes (0 events):
No events

Events (0 events):
No events


Dynamic libraries:
0x00007ff7a9c50000 - 0x00007ff7a9c5e000 	C:\Users\angel\.jdks\openjdk-25.0.2\bin\java.exe
0x00007ffc12400000 - 0x00007ffc12661000 	C:\WINDOWS\SYSTEM32\ntdll.dll
0x00007ffc10800000 - 0x00007ffc108c9000 	C:\WINDOWS\System32\KERNEL32.DLL
0x00007ffc0eb70000 - 0x00007ffc0ef6b000 	C:\WINDOWS\System32\KERNELBASE.dll
0x00007ffc0ef70000 - 0x00007ffc0f0bf000 	C:\WINDOWS\System32\ucrtbase.dll
0x00007ffc0a000000 - 0x00007ffc0a01e000 	C:\Users\angel\.jdks\openjdk-25.0.2\bin\VCRUNTIME140.dll
0x00007ffc0b500000 - 0x00007ffc0b517000 	C:\Users\angel\.jdks\openjdk-25.0.2\bin\jli.dll
0x00007ffc100f0000 - 0x00007ffc102b8000 	C:\WINDOWS\System32\USER32.dll
0x00007ffc0f150000 - 0x00007ffc0f177000 	C:\WINDOWS\System32\win32u.dll
0x00007ffbe5990000 - 0x00007ffbe5c27000 	C:\WINDOWS\WinSxS\amd64_microsoft.windows.common-controls_6595b64144ccf1df_6.0.28000.1611_none_cc7ecc9423a56445\COMCTL32.dll
0x00007ffc11740000 - 0x00007ffc11773000 	C:\WINDOWS\System32\GDI32.dll
0x00007ffc11bc0000 - 0x00007ffc11c69000 	C:\WINDOWS\System32\msvcrt.dll
0x00007ffc0f2f0000 - 0x00007ffc0f416000 	C:\WINDOWS\System32\gdi32full.dll
0x00007ffc0fe10000 - 0x00007ffc0feb4000 	C:\WINDOWS\System32\msvcp_win.dll
0x00007ffc11c70000 - 0x00007ffc11d15000 	C:\WINDOWS\System32\sechost.dll
0x00007ffc11800000 - 0x00007ffc11831000 	C:\WINDOWS\System32\IMM32.DLL
0x00007ffbf8d60000 - 0x00007ffbf8d6c000 	C:\Users\angel\.jdks\openjdk-25.0.2\bin\vcruntime140_1.dll
0x00007ffbbb4b0000 - 0x00007ffbbb53d000 	C:\Users\angel\.jdks\openjdk-25.0.2\bin\msvcp140.dll
0x00007ffb28c60000 - 0x00007ffb29abf000 	C:\Users\angel\.jdks\openjdk-25.0.2\bin\server\jvm.dll
0x00007ffc11680000 - 0x00007ffc1173c000 	C:\WINDOWS\System32\ADVAPI32.dll
0x00007ffc10550000 - 0x00007ffc1066a000 	C:\WINDOWS\System32\RPCRT4.dll
0x00007ffc12150000 - 0x00007ffc121d0000 	C:\WINDOWS\System32\WS2_32.dll
0x00007ffc0ea20000 - 0x00007ffc0ea7f000 	C:\WINDOWS\SYSTEM32\POWRPROF.dll
0x00007ffc05bd0000 - 0x00007ffc05c05000 	C:\WINDOWS\SYSTEM32\WINMM.dll
0x00007ffbf1b50000 - 0x00007ffbf1b5b000 	C:\WINDOWS\SYSTEM32\VERSION.dll
0x00007ffc0ea00000 - 0x00007ffc0ea1a000 	C:\WINDOWS\SYSTEM32\UMPDC.dll
0x00007ffc0d990000 - 0x00007ffc0d9ab000 	C:\WINDOWS\SYSTEM32\kernel.appcore.dll
0x00007ffbf8d50000 - 0x00007ffbf8d5a000 	C:\Users\angel\.jdks\openjdk-25.0.2\bin\jimage.dll
0x00007ffc0c5f0000 - 0x00007ffc0c8c2000 	C:\WINDOWS\SYSTEM32\DBGHELP.DLL
0x00007ffc11d40000 - 0x00007ffc120c5000 	C:\WINDOWS\System32\combase.dll
0x00007ffc10470000 - 0x00007ffc10549000 	C:\WINDOWS\System32\OLEAUT32.dll
0x00007ffbeeee0000 - 0x00007ffbeef2a000 	C:\WINDOWS\SYSTEM32\dbgcore.DLL
0x00007ffc0fec0000 - 0x00007ffc0ff5f000 	C:\WINDOWS\System32\bcryptPrimitives.dll
0x00007ffbf8d10000 - 0x00007ffbf8d20000 	C:\Users\angel\.jdks\openjdk-25.0.2\bin\instrument.dll
0x00007ffbf7f80000 - 0x00007ffbf7f9f000 	C:\Users\angel\.jdks\openjdk-25.0.2\bin\java.dll
0x00007ffc102d0000 - 0x00007ffc10468000 	C:\WINDOWS\System32\ole32.dll
0x00007ffc108d0000 - 0x00007ffc11038000 	C:\WINDOWS\System32\SHELL32.dll
0x00007ffc0f180000 - 0x00007ffc0f2eb000 	C:\WINDOWS\System32\wintypes.dll

JVMTI agents:
C:\Program Files\JetBrains\IntelliJ IDEA 2025.3.3\lib\idea_rt.jar path:none, loaded, not initialized, instrumentlib options:14507

dbghelp: loaded successfully - version: 4.0.5 - missing functions: none
symbol engine: initialized successfully - sym options: 0x614 - pdb path: .;C:\Users\angel\.jdks\openjdk-25.0.2\bin;C:\WINDOWS\SYSTEM32;C:\WINDOWS\WinSxS\amd64_microsoft.windows.common-controls_6595b64144ccf1df_6.0.28000.1611_none_cc7ecc9423a56445;C:\Users\angel\.jdks\openjdk-25.0.2\bin\server

VM Arguments:
jvm_args: -javaagent:C:\Program Files\JetBrains\IntelliJ IDEA 2025.3.3\lib\idea_rt.jar=14507 -Dfile.encoding=UTF-8 -Dsun.stdout.encoding=UTF-8 -Dsun.stderr.encoding=UTF-8 
java_command: C04EX04
java_class_path (initial): C:\Users\angel\OneDrive - FUNDAÇÃO MOVIMENTO DIREITO E CIDADANIA\AED I\AEDI\out\production\AEDI
Launcher Type: SUN_STANDARD

[Global flags]
     intx CICompilerCount                          = 12                                        {product} {ergonomic}
     uint ConcGCThreads                            = 4                                         {product} {ergonomic}
     uint G1ConcRefinementThreads                  = 15                                        {product} {ergonomic}
   size_t G1HeapRegionSize                         = 2097152                                   {product} {ergonomic}
   size_t InitialHeapSize                          = 264241152                                 {product} {ergonomic}
   size_t MarkStackSize                            = 4194304                                   {product} {ergonomic}
   size_t MarkStackSizeMax                         = 536870912                                 {product} {ergonomic}
   size_t MaxHeapSize                              = 4223664128                                {product} {ergonomic}
   size_t MinHeapDeltaBytes                        = 2097152                                   {product} {ergonomic}
   size_t MinHeapSize                              = 8388608                                   {product} {ergonomic}
    uintx NonNMethodCodeHeapSize                   = 7602176                                {pd product} {ergonomic}
    uintx NonProfiledCodeHeapSize                  = 122093568                              {pd product} {ergonomic}
    uintx ProfiledCodeHeapSize                     = 121962496                              {pd product} {ergonomic}
    uintx ReservedCodeCacheSize                    = 251658240                              {pd product} {ergonomic}
     bool SegmentedCodeCache                       = true                                      {product} {ergonomic}
   size_t SoftMaxHeapSize                          = 4223664128                             {manageable} {ergonomic}
     bool UseCompressedOops                        = true                           {product lp64_product} {ergonomic}
     bool UseG1GC                                  = true                                      {product} {ergonomic}
     bool UseLargePagesIndividualAllocation        = false                                  {pd product} {ergonomic}

Logging:
Log output configuration:
 #0: stdout all=warning uptime,level,tags foldmultilines=false
 #1: stderr all=off uptime,level,tags foldmultilines=false

Release file:
<release file has not been read>
Environment Variables:
JAVA_HOME=C:\Program Files\Amazon Corretto\jdk17.0.6_10
PATH=C:\Program Files\Amazon Corretto\jdk17.0.6_10\bin;C:\Program Files\Eclipse Adoptium\jdk-17.0.5.8-hotspot\bin;C:\Program Files\Common Files\Oracle\Java\javapath;C:\Program Files (x86)\Common Files\Oracle\Java\javapath;C:\Program Files\Microsoft\jdk-11.0.17.8-hotspot\bin;C:\Windows\System32\HWAudioDriverLibs;C:\Windows\system32;C:\Windows;C:\Windows\System32\Wbem;C:\Windows\System32\WindowsPowerShell\v1.0\;C:\Windows\System32\OpenSSH\;C:\Users\Administrator\AppData\Local\Microsoft\WindowsApps;C:\WINDOWS\system32;C:\WINDOWS;C:\WINDOWS\System32\Wbem;C:\WINDOWS\System32\WindowsPowerShell\v1.0\;C:\WINDOWS\System32\OpenSSH\;C:\Program Files\Microsoft SQL Server\150\Tools\Binn\;C:\Program Files\dotnet\;C:\Program Files (x86)\Windows Kits\10\Windows Performance Toolkit\;C:\Program Files\Git\cmd;C:\Program Files\CMake\bin;D:\Program Files (x86)\IncrediBuild;F:\Program Files\nodejs\;C:\Program Files\Docker\Docker\resources\bin;C:\WINDOWS\system32\config\systemprofile\AppData\Local\Microsoft\WindowsApps;C:\windows\system32\HWAudioDriver\;C:\Program Files\AzureConnectedMachineAgent\;C:\WINDOWS\system32;C:\WINDOWS;C:\WINDOWS\System32\Wbem;C:\WINDOWS\System32\WindowsPowerShell\v1.0\;C:\WINDOWS\System32\OpenSSH\;C:\Program Files\PowerShell\7-preview\preview;C:\Program Files\Go\bin;C:\Users\angel\AppData\Local\pnpm;C:\Users\angel\AppData\Local\Microsoft\WindowsApps;C:\Users\angel\.dotnet\tools;C:\Users\angel\AppData\Local\JetBrains\Toolbox\scripts;C:\Users\angel\AppData\Local\Programs\Microsoft VS Code\bin;C:\Users\angel\AppData\Local\GitHubDesktop\bin;C:\Program Files\Amazon Corretto\jdk17.0.6_10\bin;C:\msys64\mingw64\bin;C:\Users\angel\AppData\Local\gitkraken\bin;C:\Users\angel\AppData\Local\Microsoft\WindowsApps;C:\Users\angel\AppData\Roaming\npm;C:\Program Files\JetBrains\IntelliJ IDEA 2025.3.3\bin;C:\Users\angel\go\bin
USERNAME=angelo
OS=Windows_NT
PROCESSOR_IDENTIFIER=Intel64 Family 6 Model 154 Stepping 3, GenuineIntel
TMP=C:\Users\angel\AppData\Local\Temp
TEMP=C:\Users\angel\AppData\Local\Temp




Compilation memory statistics disabled.

Periodic native trim disabled

---------------  S Y S T E M  ---------------

OS:
 Windows 11 , 64 bit Build 28000 (10.0.28000.1685)
OS uptime: 1 days 23:22 hours
Hyper-V role detected

CPU: total 20 (initial active 20) (10 cores per cpu, 2 threads per core) family 6 model 154 stepping 3 microcode 0x432, cx8, cmov, fxsr, ht, mmx, 3dnowpref, sse, sse2, sse3, ssse3, sse4.1, sse4.2, popcnt, lzcnt, tsc, tscinvbit, avx, avx2, aes, erms, clmul, bmi1, bmi2, adx, sha, fma, vzeroupper, clflush, clflushopt, clwb, hv, serialize, rdtscp, rdpid, fsrm, gfni, f16c, cet_ibt, cet_ss
Processor Information for processor 0
  Max Mhz: 2500, Current Mhz: 2500, Mhz Limit: 2500
Processor Information for processor 1
  Max Mhz: 2500, Current Mhz: 2500, Mhz Limit: 2500
Processor Information for processor 2
  Max Mhz: 2500, Current Mhz: 2500, Mhz Limit: 2500
Processor Information for processor 3
  Max Mhz: 2500, Current Mhz: 2500, Mhz Limit: 2500
Processor Information for processor 4
  Max Mhz: 2500, Current Mhz: 2500, Mhz Limit: 2500
Processor Information for processor 5
  Max Mhz: 2500, Current Mhz: 2500, Mhz Limit: 2500
Processor Information for processor 6
  Max Mhz: 2500, Current Mhz: 2500, Mhz Limit: 2500
Processor Information for processor 7
  Max Mhz: 2500, Current Mhz: 2500, Mhz Limit: 2500
Processor Information for processor 8
  Max Mhz: 2500, Current Mhz: 2500, Mhz Limit: 2500
Processor Information for processor 9
  Max Mhz: 2500, Current Mhz: 2500, Mhz Limit: 2500
Processor Information for processor 10
  Max Mhz: 2500, Current Mhz: 2500, Mhz Limit: 2500
Processor Information for processor 11
  Max Mhz: 2500, Current Mhz: 2500, Mhz Limit: 2500
Processor Information for processor 12
  Max Mhz: 2500, Current Mhz: 1800, Mhz Limit: 1800
Processor Information for processor 13
  Max Mhz: 2500, Current Mhz: 1800, Mhz Limit: 1800
Processor Information for processor 14
  Max Mhz: 2500, Current Mhz: 1800, Mhz Limit: 1800
Processor Information for processor 15
  Max Mhz: 2500, Current Mhz: 1800, Mhz Limit: 1800
Processor Information for processor 16
  Max Mhz: 2500, Current Mhz: 1800, Mhz Limit: 1800
Processor Information for processor 17
  Max Mhz: 2500, Current Mhz: 1800, Mhz Limit: 1800
Processor Information for processor 18
  Max Mhz: 2500, Current Mhz: 1800, Mhz Limit: 1800
Processor Information for processor 19
  Max Mhz: 2500, Current Mhz: 1800, Mhz Limit: 1800

Memory: 4k page, system-wide physical 16110M (1985M free)
TotalPageFile size 21110M (AvailPageFile size 221M)
current process WorkingSet (physical memory assigned to process): 14M, peak: 14M
current process commit charge ("private bytes"): 75M, peak: 327M

vm_info: OpenJDK 64-Bit Server VM (25.0.2+10-69) for windows-amd64 JRE (25.0.2+10-69), built on 2025-12-18T11:36:35Z with MS VC++ 17.13 (VS2022)

END.
